// Vitest Snapshot v1, https://vitest.dev/guide/snapshot.html

exports[`RangeCalendar > clears selection when selected prop is undefined 1`] = `
<div
  aria-label="June 2025"
  data-classnames-root="rdp-root w-full font-sans text-text bg-background transition-colors duration-200 [&_*]:transition-colors [&_*]:duration-200"
  data-start-month="2025-05-31T21:00:00.000Z"
  data-testid="mocked-daypicker"
  role="grid"
>
  <div>
    Mocked DayPicker. Displayed Month:
     
    June 2025
  </div>
  <table
    aria-label="Calendar grid"
  >
    <tbody>
      <tr>
        <td>
          <button
            aria-label="Sun Jun 01 2025"
            data-testid="date-1"
            tabindex="0"
          >
            1
          </button>
        </td>
        <td>
          <button
            aria-label="Mon Jun 02 2025"
            data-testid="date-2"
            tabindex="-1"
          >
            2
          </button>
        </td>
        <td>
          <button
            aria-label="Tue Jun 03 2025"
            data-testid="date-3"
            tabindex="-1"
          >
            3
          </button>
        </td>
        <td>
          <button
            aria-label="Wed Jun 04 2025"
            data-testid="date-4"
            tabindex="-1"
          >
            4
          </button>
        </td>
        <td>
          <button
            aria-label="Thu Jun 05 2025"
            data-testid="date-5"
            tabindex="-1"
          >
            5
          </button>
        </td>
        <td>
          <button
            aria-label="Fri Jun 06 2025"
            data-testid="date-6"
            tabindex="-1"
          >
            6
          </button>
        </td>
        <td>
          <button
            aria-label="Sat Jun 07 2025"
            data-testid="date-7"
            tabindex="-1"
          >
            7
          </button>
        </td>
      </tr>
      <tr>
        <td>
          <button
            aria-label="Sun Jun 08 2025"
            data-testid="date-8"
            tabindex="-1"
          >
            8
          </button>
        </td>
        <td>
          <button
            aria-label="Mon Jun 09 2025"
            data-testid="date-9"
            tabindex="-1"
          >
            9
          </button>
        </td>
        <td>
          <button
            aria-label="Tue Jun 10 2025"
            data-testid="date-10"
            tabindex="-1"
          >
            10
          </button>
        </td>
        <td>
          <button
            aria-label="Wed Jun 11 2025"
            data-testid="date-11"
            tabindex="-1"
          >
            11
          </button>
        </td>
        <td>
          <button
            aria-label="Thu Jun 12 2025"
            data-testid="date-12"
            tabindex="-1"
          >
            12
          </button>
        </td>
        <td>
          <button
            aria-label="Fri Jun 13 2025"
            data-testid="date-13"
            tabindex="-1"
          >
            13
          </button>
        </td>
        <td>
          <button
            aria-label="Sat Jun 14 2025"
            data-testid="date-14"
            tabindex="-1"
          >
            14
          </button>
        </td>
      </tr>
      <tr>
        <td>
          <button
            aria-label="Sun Jun 15 2025"
            data-testid="date-15"
            tabindex="-1"
          >
            15
          </button>
        </td>
        <td>
          <button
            aria-label="Mon Jun 16 2025"
            data-testid="date-16"
            tabindex="-1"
          >
            16
          </button>
        </td>
        <td>
          <button
            aria-label="Tue Jun 17 2025"
            data-testid="date-17"
            tabindex="-1"
          >
            17
          </button>
        </td>
        <td>
          <button
            aria-label="Wed Jun 18 2025"
            data-testid="date-18"
            tabindex="-1"
          >
            18
          </button>
        </td>
        <td>
          <button
            aria-label="Thu Jun 19 2025"
            data-testid="date-19"
            tabindex="-1"
          >
            19
          </button>
        </td>
        <td>
          <button
            aria-label="Fri Jun 20 2025"
            data-testid="date-20"
            tabindex="-1"
          >
            20
          </button>
        </td>
        <td>
          <button
            aria-label="Sat Jun 21 2025"
            data-testid="date-21"
            tabindex="-1"
          >
            21
          </button>
        </td>
      </tr>
      <tr>
        <td>
          <button
            aria-label="Sun Jun 22 2025"
            data-testid="date-22"
            tabindex="-1"
          >
            22
          </button>
        </td>
        <td>
          <button
            aria-label="Mon Jun 23 2025"
            data-testid="date-23"
            tabindex="-1"
          >
            23
          </button>
        </td>
        <td>
          <button
            aria-label="Tue Jun 24 2025"
            data-testid="date-24"
            tabindex="-1"
          >
            24
          </button>
        </td>
        <td>
          <button
            aria-label="Wed Jun 25 2025"
            data-testid="date-25"
            tabindex="-1"
          >
            25
          </button>
        </td>
        <td>
          <button
            aria-label="Thu Jun 26 2025"
            data-testid="date-26"
            tabindex="-1"
          >
            26
          </button>
        </td>
        <td>
          <button
            aria-label="Fri Jun 27 2025"
            data-testid="date-27"
            tabindex="-1"
          >
            27
          </button>
        </td>
        <td>
          <button
            aria-label="Sat Jun 28 2025"
            data-testid="date-28"
            tabindex="-1"
          >
            28
          </button>
        </td>
      </tr>
      <tr>
        <td>
          <button
            aria-label="Sun Jun 29 2025"
            data-testid="date-29"
            tabindex="-1"
          >
            29
          </button>
        </td>
        <td>
          <button
            aria-label="Mon Jun 30 2025"
            data-testid="date-30"
            tabindex="-1"
          >
            30
          </button>
        </td>
        <td />
        <td />
        <td />
        <td />
        <td />
      </tr>
    </tbody>
  </table>
</div>
`;
